app/actions/inbound.ts(183,17): error TS2353: Object literal may only specify known properties, and 'active' does not exist in type 'Without<InboundCreateInput, InboundUncheckedCreateInput> & InboundUncheckedCreateInput'.
app/actions/inbound.ts(392,13): error TS2367: This comparison appears to be unintentional because the types '"COMPLETED" | "READY_FOR_PAYMENT"' and '"PAID"' have no overlap.
app/actions/inbound.ts(501,17): error TS2367: This comparison appears to be unintentional because the types '"SHORTAGE" | "OVERAGE" | "WRONG_ITEM" | "DAMAGED"' and '"NONE"' have no overlap.
app/actions/inbound.ts(521,43): error TS2339: Property 'PENDING' does not exist on type '{ OPEN_ISSUE: "OPEN_ISSUE"; COMPLETED: "COMPLETED"; RESOLVED: "RESOLVED"; CLOSED_SHORT: "CLOSED_SHORT"; }'.
app/actions/po-verification.ts(111,21): error TS2322: Type '"PENDING_VERIFICATION"' is not assignable to type 'InboundStatus | undefined'.
app/actions/purchase.ts(691,21): error TS2322: Type '"PENDING_VERIFICATION"' is not assignable to type 'InboundStatus | undefined'.
